
> plumbing-template@0.1.0 build C:\Users\YounesBn\Desktop\plumbing-site-PAYLOAD-CMS-template
> next build

Γû▓ Next.js 16.1.1 (Turbopack)
- Environments: .env.local
- Experiments (use with caution):
  ┬╖ serverActions

  Creating an optimized production build ...
node.exe : 
At C:\Users\YounesBn\AppData\Roaming\npm\pnpm.ps1:24 char:5
+     & "node$exe"  "$basedir/node_modules/pnpm/bin/pnpm.cjs" $args
+     ~~~~~~~~~~~~~~~~~~~~~~~~~~~~~~~~~~~~~~~~~~~~~~~~~~~~~~~~~~~~~
    + CategoryInfo          : NotSpecified: (:String) [], RemoteException
    + FullyQualifiedErrorId : NativeCommandError
 
> Build error occurred
Error: Turbopack build failed with 7 errors:
./src/components/forms/form-renderer.tsx:1:44
Ecmascript file had an error
[0m[31m[1m>[22m[39m[90m 1 |[39m [36mimport[39m { useState[33m,[39m useTransition[33m,[39m 
useMemo[33m,[39m useEffect } [36mfrom[39m [32m"react"[39m[33m;[39m
 [90m   |[39m                                            [31m[1m^[22m[39m[31m[1m^[22m[39m[31m[1m^[
22m[39m[31m[1m^[22m[39m[31m[1m^[22m[39m[31m[1m^[22m[39m[31m[1m^[22m[39m[31m[1m^[22m[39m[3
1m[1m^[22m[39m
 [90m 2 |[39m [36mimport[39m { useForm[33m,[39m [33mFormProvider[39m[33m,[39m [33mController[39m } 
[36mfrom[39m [32m"react-hook-form"[39m[33m;[39m
 [90m 3 |[39m [36mimport[39m { useRouter } [36mfrom[39m [32m"next/navigation"[39m[33m;[39m
 [90m 4 |[39m [36mimport[39m { zodResolver } [36mfrom[39m 
[32m"@hookform/resolvers/zod"[39m[33m;[39m[0m

You're importing a component that needs `useEffect`. This React Hook only works in a Client Component. To fix, 
mark the file (or its parent) with the `"use client"` directive.

 Learn more: https://nextjs.org/docs/app/api-reference/directives/use-client



Import traces:
  Server Component:
    ./src/components/forms/form-renderer.tsx
    ./src/components/blocks/form-block.tsx
    ./src/components/richtext/block-converters.tsx
    ./src/app/(site)/case-studies/_components/case-study-content.tsx
    ./src/app/(site)/case-studies/[slug]/page.tsx

  Client Component Browser:
    ./src/components/forms/form-renderer.tsx [Client Component Browser]
    ./src/components/blocks/form-block.tsx [Client Component Browser]
    ./src/components/richtext/block-converters.tsx [Client Component Browser]
    ./src/app/(site)/services/_components/service-details.tsx [Client Component Browser]
    ./src/app/(site)/services/_components/service-details.tsx [Server Component]
    ./src/app/(site)/services/[slug]/page.tsx [Server Component]

  Client Component SSR:
    ./src/components/forms/form-renderer.tsx [Client Component SSR]
    ./src/components/blocks/form-block.tsx [Client Component SSR]
    ./src/components/richtext/block-converters.tsx [Client Component SSR]
    ./src/app/(site)/services/_components/service-details.tsx [Client Component SSR]
    ./src/app/(site)/services/_components/service-details.tsx [Server Component]
    ./src/app/(site)/services/[slug]/page.tsx [Server Component]


./src/components/forms/form-renderer.tsx:3:10
Ecmascript file had an error
[0m [90m 1 |[39m [36mimport[39m { useState[33m,[39m useTransition[33m,[39m useMemo[33m,[39m 
useEffect } [36mfrom[39m [32m"react"[39m[33m;[39m
 [90m 2 |[39m [36mimport[39m { useForm[33m,[39m [33mFormProvider[39m[33m,[39m [33mController[39m } 
[36mfrom[39m [32m"react-hook-form"[39m[33m;[39m
[31m[1m>[22m[39m[90m 3 |[39m [36mimport[39m { useRouter } [36mfrom[39m 
[32m"next/navigation"[39m[33m;[39m
 [90m   |[39m          [31m[1m^[22m[39m[31m[1m^[22m[39m[31m[1m^[22m[39m[31m[1m^[22m[39m[31m
[1m^[22m[39m[31m[1m^[22m[39m[31m[1m^[22m[39m[31m[1m^[22m[39m[31m[1m^[22m[39m
 [90m 4 |[39m [36mimport[39m { zodResolver } [36mfrom[39m [32m"@hookform/resolvers/zod"[39m[33m;[39m
 [90m 5 |[39m [36mimport[39m type { [33mForm[39m } [36mfrom[39m [32m"@/payload-types"[39m[33m;[39m
 [90m 6 |[39m [36mimport[39m { [33mButton[39m } [36mfrom[39m 
[32m"@/components/ui/button"[39m[33m;[39m[0m

You're importing a component that needs `useRouter`. This React Hook only works in a Client Component. To fix, 
mark the file (or its parent) with the `"use client"` directive.

 Learn more: https://nextjs.org/docs/app/api-reference/directives/use-client



Import traces:
  Server Component:
    ./src/components/forms/form-renderer.tsx
    ./src/components/blocks/form-block.tsx
    ./src/components/richtext/block-converters.tsx
    ./src/app/(site)/case-studies/_components/case-study-content.tsx
    ./src/app/(site)/case-studies/[slug]/page.tsx

  Client Component Browser:
    ./src/components/forms/form-renderer.tsx [Client Component Browser]
    ./src/components/blocks/form-block.tsx [Client Component Browser]
    ./src/components/richtext/block-converters.tsx [Client Component Browser]
    ./src/app/(site)/services/_components/service-details.tsx [Client Component Browser]
    ./src/app/(site)/services/_components/service-details.tsx [Server Component]
    ./src/app/(site)/services/[slug]/page.tsx [Server Component]

  Client Component SSR:
    ./src/components/forms/form-renderer.tsx [Client Component SSR]
    ./src/components/blocks/form-block.tsx [Client Component SSR]
    ./src/components/richtext/block-converters.tsx [Client Component SSR]
    ./src/app/(site)/services/_components/service-details.tsx [Client Component SSR]
    ./src/app/(site)/services/_components/service-details.tsx [Server Component]
    ./src/app/(site)/services/[slug]/page.tsx [Server Component]


./src/components/forms/form-renderer.tsx:1:10
Ecmascript file had an error
[0m[31m[1m>[22m[39m[90m 1 |[39m [36mimport[39m { useState[33m,[39m useTransition[33m,[39m 
useMemo[33m,[39m useEffect } [36mfrom[39m [32m"react"[39m[33m;[39m
 [90m   |[39m          [31m[1m^[22m[39m[31m[1m^[22m[39m[31m[1m^[22m[39m[31m[1m^[22m[39m[31m
[1m^[22m[39m[31m[1m^[22m[39m[31m[1m^[22m[39m[31m[1m^[22m[39m
 [90m 2 |[39m [36mimport[39m { useForm[33m,[39m [33mFormProvider[39m[33m,[39m [33mController[39m } 
[36mfrom[39m [32m"react-hook-form"[39m[33m;[39m
 [90m 3 |[39m [36mimport[39m { useRouter } [36mfrom[39m [32m"next/navigation"[39m[33m;[39m
 [90m 4 |[39m [36mimport[39m { zodResolver } [36mfrom[39m 
[32m"@hookform/resolvers/zod"[39m[33m;[39m[0m

You're importing a component that needs `useState`. This React Hook only works in a Client Component. To fix, 
mark the file (or its parent) with the `"use client"` directive.

 Learn more: https://nextjs.org/docs/app/api-reference/directives/use-client



Import traces:
  Server Component:
    ./src/components/forms/form-renderer.tsx
    ./src/components/blocks/form-block.tsx
    ./src/components/richtext/block-converters.tsx
    ./src/app/(site)/case-studies/_components/case-study-content.tsx
    ./src/app/(site)/case-studies/[slug]/page.tsx

  Client Component Browser:
    ./src/components/forms/form-renderer.tsx [Client Component Browser]
    ./src/components/blocks/form-block.tsx [Client Component Browser]
    ./src/components/richtext/block-converters.tsx [Client Component Browser]
    ./src/app/(site)/services/_components/service-details.tsx [Client Component Browser]
    ./src/app/(site)/services/_components/service-details.tsx [Server Component]
    ./src/app/(site)/services/[slug]/page.tsx [Server Component]

  Client Component SSR:
    ./src/components/forms/form-renderer.tsx [Client Component SSR]
    ./src/components/blocks/form-block.tsx [Client Component SSR]
    ./src/components/richtext/block-converters.tsx [Client Component SSR]
    ./src/app/(site)/services/_components/service-details.tsx [Client Component SSR]
    ./src/app/(site)/services/_components/service-details.tsx [Server Component]
    ./src/app/(site)/services/[slug]/page.tsx [Server Component]


./src/components/forms/form-renderer.tsx:1:20
Ecmascript file had an error
[0m[31m[1m>[22m[39m[90m 1 |[39m [36mimport[39m { useState[33m,[39m useTransition[33m,[39m 
useMemo[33m,[39m useEffect } [36mfrom[39m [32m"react"[39m[33m;[39m
 [90m   |[39m                    [31m[1m^[22m[39m[31m[1m^[22m[39m[31m[1m^[22m[39m[31m[1m^[22m
[39m[31m[1m^[22m[39m[31m[1m^[22m[39m[31m[1m^[22m[39m[31m[1m^[22m[39m[31m[1m^[22m[39m[31m[
1m^[22m[39m[31m[1m^[22m[39m[31m[1m^[22m[39m[31m[1m^[22m[39m
 [90m 2 |[39m [36mimport[39m { useForm[33m,[39m [33mFormProvider[39m[33m,[39m [33mController[39m } 
[36mfrom[39m [32m"react-hook-form"[39m[33m;[39m
 [90m 3 |[39m [36mimport[39m { useRouter } [36mfrom[39m [32m"next/navigation"[39m[33m;[39m
 [90m 4 |[39m [36mimport[39m { zodResolver } [36mfrom[39m 
[32m"@hookform/resolvers/zod"[39m[33m;[39m[0m

You're importing a component that needs `useTransition`. This React Hook only works in a Client Component. To 
fix, mark the file (or its parent) with the `"use client"` directive.

 Learn more: https://nextjs.org/docs/app/api-reference/directives/use-client



Import traces:
  Server Component:
    ./src/components/forms/form-renderer.tsx
    ./src/components/blocks/form-block.tsx
    ./src/components/richtext/block-converters.tsx
    ./src/app/(site)/case-studies/_components/case-study-content.tsx
    ./src/app/(site)/case-studies/[slug]/page.tsx

  Client Component Browser:
    ./src/components/forms/form-renderer.tsx [Client Component Browser]
    ./src/components/blocks/form-block.tsx [Client Component Browser]
    ./src/components/richtext/block-converters.tsx [Client Component Browser]
    ./src/app/(site)/services/_components/service-details.tsx [Client Component Browser]
    ./src/app/(site)/services/_components/service-details.tsx [Server Component]
    ./src/app/(site)/services/[slug]/page.tsx [Server Component]

  Client Component SSR:
    ./src/components/forms/form-renderer.tsx [Client Component SSR]
    ./src/components/blocks/form-block.tsx [Client Component SSR]
    ./src/components/richtext/block-converters.tsx [Client Component SSR]
    ./src/app/(site)/services/_components/service-details.tsx [Client Component SSR]
    ./src/app/(site)/services/_components/service-details.tsx [Server Component]
    ./src/app/(site)/services/[slug]/page.tsx [Server Component]


./src/components/forms/form-renderer.tsx:2:1
Export Controller doesn't exist in target module
[0m [90m 1 |[39m [36mimport[39m { useState[33m,[39m useTransition[33m,[39m useMemo[33m,[39m 
useEffect } [36mfrom[39m [32m"react"[39m[33m;[39m
[31m[1m>[22m[39m[90m 2 |[39m [36mimport[39m { useForm[33m,[39m [33mFormProvider[39m[33m,[39m 
[33mController[39m } [36mfrom[39m [32m"react-hook-form"[39m[33m;[39m
 [90m   |[39m [31m[1m^[22m[39m[31m[1m^[22m[39m[31m[1m^[22m[39m[31m[1m^[22m[39m[31m[1m^[22m
[39m[31m[1m^[22m[39m[31m[1m^[22m[39m[31m[1m^[22m[39m[31m[1m^[22m[39m[31m[1m^[22m[39m[31m
[1m^[22m[39m[31m[1m^[22m[39m[31m[1m^[22m[39m[31m[1m^[22m[39m[31m[1m^[22m[39m[31m[1m^[22m[
39m[31m[1m^[22m[39m[31m[1m^[22m[39m[31m[1m^[22m[39m[31m[1m^[22m[39m[31m[1m^[22m[39m[31m[1
m^[22m[39m[31m[1m^[22m[39m[31m[1m^[22m[39m[31m[1m^[22m[39m[31m[1m^[22m[39m[31m[1m^[22m[39
m[31m[1m^[22m[39m[31m[1m^[22m[39m[31m[1m^[22m[39m[31m[1m^[22m[39m[31m[1m^[22m[39m[31m[1m^
[22m[39m[31m[1m^[22m[39m[31m[1m^[22m[39m[31m[1m^[22m[39m[31m[1m^[22m[39m[31m[1m^[22m[39m
[31m[1m^[22m[39m[31m[1m^[22m[39m[31m[1m^[22m[39m[31m[1m^[22m[39m[31m[1m^[22m[39m[31m[1m^[
22m[39m[31m[1m^[22m[39m[31m[1m^[22m[39m[31m[1m^[22m[39m[31m[1m^[22m[39m[31m[1m^[22m[39m[3
1m[1m^[22m[39m[31m[1m^[22m[39m[31m[1m^[22m[39m[31m[1m^[22m[39m[31m[1m^[22m[39m[31m[1m^[22
m[39m[31m[1m^[22m[39m[31m[1m^[22m[39m[31m[1m^[22m[39m[31m[1m^[22m[39m[31m[1m^[22m[39m[31m
[1m^[22m[39m[31m[1m^[22m[39m[31m[1m^[22m[39m[31m[1m^[22m[39m[31m[1m^[22m[39m[31m[1m^[22m
[39m[31m[1m^[22m[39m[31m[1m^[22m[39m
 [90m 3 |[39m [36mimport[39m { useRouter } [36mfrom[39m [32m"next/navigation"[39m[33m;[39m
 [90m 4 |[39m [36mimport[39m { zodResolver } [36mfrom[39m [32m"@hookform/resolvers/zod"[39m[33m;[39m
 [90m 5 |[39m [36mimport[39m type { [33mForm[39m } [36mfrom[39m 
[32m"@/payload-types"[39m[33m;[39m[0m

The export Controller was not found in module [project]/node_modules/.pnpm/react-hook-form@7.71.1_react@19.2.3/
node_modules/react-hook-form/dist/react-server.esm.mjs [app-rsc] (ecmascript).
Did you mean to import createFormControl?
All exports of the module are statically known (It doesn't have dynamic exports). So it's known statically 
that the requested export doesn't exist.

Import traces:
  Server Component:
    ./src/components/forms/form-renderer.tsx
    ./src/components/blocks/form-block.tsx
    ./src/components/richtext/block-converters.tsx
    ./src/app/(site)/case-studies/_components/case-study-content.tsx
    ./src/app/(site)/case-studies/[slug]/page.tsx

  Client Component Browser:
    ./src/components/forms/form-renderer.tsx [Client Component Browser]
    ./src/components/blocks/form-block.tsx [Client Component Browser]
    ./src/components/richtext/block-converters.tsx [Client Component Browser]
    ./src/app/(site)/services/_components/service-details.tsx [Client Component Browser]
    ./src/app/(site)/services/_components/service-details.tsx [Server Component]
    ./src/app/(site)/services/[slug]/page.tsx [Server Component]

  Client Component SSR:
    ./src/components/forms/form-renderer.tsx [Client Component SSR]
    ./src/components/blocks/form-block.tsx [Client Component SSR]
    ./src/components/richtext/block-converters.tsx [Client Component SSR]
    ./src/app/(site)/services/_components/service-details.tsx [Client Component SSR]
    ./src/app/(site)/services/_components/service-details.tsx [Server Component]
    ./src/app/(site)/services/[slug]/page.tsx [Server Component]


./src/components/forms/form-renderer.tsx:2:1
Export FormProvider doesn't exist in target module
[0m [90m 1 |[39m [36mimport[39m { useState[33m,[39m useTransition[33m,[39m useMemo[33m,[39m 
useEffect } [36mfrom[39m [32m"react"[39m[33m;[39m
[31m[1m>[22m[39m[90m 2 |[39m [36mimport[39m { useForm[33m,[39m [33mFormProvider[39m[33m,[39m 
[33mController[39m } [36mfrom[39m [32m"react-hook-form"[39m[33m;[39m
 [90m   |[39m [31m[1m^[22m[39m[31m[1m^[22m[39m[31m[1m^[22m[39m[31m[1m^[22m[39m[31m[1m^[22m
[39m[31m[1m^[22m[39m[31m[1m^[22m[39m[31m[1m^[22m[39m[31m[1m^[22m[39m[31m[1m^[22m[39m[31m
[1m^[22m[39m[31m[1m^[22m[39m[31m[1m^[22m[39m[31m[1m^[22m[39m[31m[1m^[22m[39m[31m[1m^[22m[
39m[31m[1m^[22m[39m[31m[1m^[22m[39m[31m[1m^[22m[39m[31m[1m^[22m[39m[31m[1m^[22m[39m[31m[1
m^[22m[39m[31m[1m^[22m[39m[31m[1m^[22m[39m[31m[1m^[22m[39m[31m[1m^[22m[39m[31m[1m^[22m[39
m[31m[1m^[22m[39m[31m[1m^[22m[39m[31m[1m^[22m[39m[31m[1m^[22m[39m[31m[1m^[22m[39m[31m[1m^
[22m[39m[31m[1m^[22m[39m[31m[1m^[22m[39m[31m[1m^[22m[39m[31m[1m^[22m[39m[31m[1m^[22m[39m
[31m[1m^[22m[39m[31m[1m^[22m[39m[31m[1m^[22m[39m[31m[1m^[22m[39m[31m[1m^[22m[39m[31m[1m^[
22m[39m[31m[1m^[22m[39m[31m[1m^[22m[39m[31m[1m^[22m[39m[31m[1m^[22m[39m[31m[1m^[22m[39m[3
1m[1m^[22m[39m[31m[1m^[22m[39m[31m[1m^[22m[39m[31m[1m^[22m[39m[31m[1m^[22m[39m[31m[1m^[22
m[39m[31m[1m^[22m[39m[31m[1m^[22m[39m[31m[1m^[22m[39m[31m[1m^[22m[39m[31m[1m^[22m[39m[31m
[1m^[22m[39m[31m[1m^[22m[39m[31m[1m^[22m[39m[31m[1m^[22m[39m[31m[1m^[22m[39m[31m[1m^[22m
[39m[31m[1m^[22m[39m[31m[1m^[22m[39m
 [90m 3 |[39m [36mimport[39m { useRouter } [36mfrom[39m [32m"next/navigation"[39m[33m;[39m
 [90m 4 |[39m [36mimport[39m { zodResolver } [36mfrom[39m [32m"@hookform/resolvers/zod"[39m[33m;[39m
 [90m 5 |[39m [36mimport[39m type { [33mForm[39m } [36mfrom[39m 
[32m"@/payload-types"[39m[33m;[39m[0m

The export FormProvider was not found in module [project]/node_modules/.pnpm/react-hook-form@7.71.1_react@19.2.
3/node_modules/react-hook-form/dist/react-server.esm.mjs [app-rsc] (ecmascript).
Did you mean to import createFormControl?
All exports of the module are statically known (It doesn't have dynamic exports). So it's known statically 
that the requested export doesn't exist.

Import traces:
  Server Component:
    ./src/components/forms/form-renderer.tsx
    ./src/components/blocks/form-block.tsx
    ./src/components/richtext/block-converters.tsx
    ./src/app/(site)/case-studies/_components/case-study-content.tsx
    ./src/app/(site)/case-studies/[slug]/page.tsx

  Client Component Browser:
    ./src/components/forms/form-renderer.tsx [Client Component Browser]
    ./src/components/blocks/form-block.tsx [Client Component Browser]
    ./src/components/richtext/block-converters.tsx [Client Component Browser]
    ./src/app/(site)/services/_components/service-details.tsx [Client Component Browser]
    ./src/app/(site)/services/_components/service-details.tsx [Server Component]
    ./src/app/(site)/services/[slug]/page.tsx [Server Component]

  Client Component SSR:
    ./src/components/forms/form-renderer.tsx [Client Component SSR]
    ./src/components/blocks/form-block.tsx [Client Component SSR]
    ./src/components/richtext/block-converters.tsx [Client Component SSR]
    ./src/app/(site)/services/_components/service-details.tsx [Client Component SSR]
    ./src/app/(site)/services/_components/service-details.tsx [Server Component]
    ./src/app/(site)/services/[slug]/page.tsx [Server Component]


./src/components/forms/form-renderer.tsx:2:1
Export useForm doesn't exist in target module
[0m [90m 1 |[39m [36mimport[39m { useState[33m,[39m useTransition[33m,[39m useMemo[33m,[39m 
useEffect } [36mfrom[39m [32m"react"[39m[33m;[39m
[31m[1m>[22m[39m[90m 2 |[39m [36mimport[39m { useForm[33m,[39m [33mFormProvider[39m[33m,[39m 
[33mController[39m } [36mfrom[39m [32m"react-hook-form"[39m[33m;[39m
 [90m   |[39m [31m[1m^[22m[39m[31m[1m^[22m[39m[31m[1m^[22m[39m[31m[1m^[22m[39m[31m[1m^[22m
[39m[31m[1m^[22m[39m[31m[1m^[22m[39m[31m[1m^[22m[39m[31m[1m^[22m[39m[31m[1m^[22m[39m[31m
[1m^[22m[39m[31m[1m^[22m[39m[31m[1m^[22m[39m[31m[1m^[22m[39m[31m[1m^[22m[39m[31m[1m^[22m[
39m[31m[1m^[22m[39m[31m[1m^[22m[39m[31m[1m^[22m[39m[31m[1m^[22m[39m[31m[1m^[22m[39m[31m[1
m^[22m[39m[31m[1m^[22m[39m[31m[1m^[22m[39m[31m[1m^[22m[39m[31m[1m^[22m[39m[31m[1m^[22m[39
m[31m[1m^[22m[39m[31m[1m^[22m[39m[31m[1m^[22m[39m[31m[1m^[22m[39m[31m[1m^[22m[39m[31m[1m^
[22m[39m[31m[1m^[22m[39m[31m[1m^[22m[39m[31m[1m^[22m[39m[31m[1m^[22m[39m[31m[1m^[22m[39m
[31m[1m^[22m[39m[31m[1m^[22m[39m[31m[1m^[22m[39m[31m[1m^[22m[39m[31m[1m^[22m[39m[31m[1m^[
22m[39m[31m[1m^[22m[39m[31m[1m^[22m[39m[31m[1m^[22m[39m[31m[1m^[22m[39m[31m[1m^[22m[39m[3
1m[1m^[22m[39m[31m[1m^[22m[39m[31m[1m^[22m[39m[31m[1m^[22m[39m[31m[1m^[22m[39m[31m[1m^[22
m[39m[31m[1m^[22m[39m[31m[1m^[22m[39m[31m[1m^[22m[39m[31m[1m^[22m[39m[31m[1m^[22m[39m[31m
[1m^[22m[39m[31m[1m^[22m[39m[31m[1m^[22m[39m[31m[1m^[22m[39m[31m[1m^[22m[39m[31m[1m^[22m
[39m[31m[1m^[22m[39m[31m[1m^[22m[39m
 [90m 3 |[39m [36mimport[39m { useRouter } [36mfrom[39m [32m"next/navigation"[39m[33m;[39m
 [90m 4 |[39m [36mimport[39m { zodResolver } [36mfrom[39m [32m"@hookform/resolvers/zod"[39m[33m;[39m
 [90m 5 |[39m [36mimport[39m type { [33mForm[39m } [36mfrom[39m 
[32m"@/payload-types"[39m[33m;[39m[0m

The export useForm was not found in module [project]/node_modules/.pnpm/react-hook-form@7.71.1_react@19.2.3/nod
e_modules/react-hook-form/dist/react-server.esm.mjs [app-rsc] (ecmascript).
Did you mean to import set?
All exports of the module are statically known (It doesn't have dynamic exports). So it's known statically 
that the requested export doesn't exist.

Import traces:
  Server Component:
    ./src/components/forms/form-renderer.tsx
    ./src/components/blocks/form-block.tsx
    ./src/components/richtext/block-converters.tsx
    ./src/app/(site)/case-studies/_components/case-study-content.tsx
    ./src/app/(site)/case-studies/[slug]/page.tsx

  Client Component Browser:
    ./src/components/forms/form-renderer.tsx [Client Component Browser]
    ./src/components/blocks/form-block.tsx [Client Component Browser]
    ./src/components/richtext/block-converters.tsx [Client Component Browser]
    ./src/app/(site)/services/_components/service-details.tsx [Client Component Browser]
    ./src/app/(site)/services/_components/service-details.tsx [Server Component]
    ./src/app/(site)/services/[slug]/page.tsx [Server Component]

  Client Component SSR:
    ./src/components/forms/form-renderer.tsx [Client Component SSR]
    ./src/components/blocks/form-block.tsx [Client Component SSR]
    ./src/components/richtext/block-converters.tsx [Client Component SSR]
    ./src/app/(site)/services/_components/service-details.tsx [Client Component SSR]
    ./src/app/(site)/services/_components/service-details.tsx [Server Component]
    ./src/app/(site)/services/[slug]/page.tsx [Server Component]


    at <unknown> (./src/components/forms/form-renderer.tsx:1:44)
    at <unknown> (./src/components/forms/form-renderer.tsx:3:10)
    at <unknown> (./src/components/forms/form-renderer.tsx:1:10)
    at <unknown> (./src/components/forms/form-renderer.tsx:1:20)
    at <unknown> (./src/components/forms/form-renderer.tsx:2:1)
    at <unknown> (./src/components/forms/form-renderer.tsx:2:1)
    at <unknown> (./src/components/forms/form-renderer.tsx:2:1)
ΓÇëELIFECYCLEΓÇë Command failed with exit code 1.
